// Jest Snapshot v1, https://goo.gl/fbAQLP

exports[`Accomodations Page should render accomodations page correctly 1`] = `
<div
  className="accommodations"
>
  <div
    className="content-container"
  >
    <div
      className="row"
    >
      <div
        className="col-md-1this.state.number_iterations"
      >
        <h1
          className="display-4 text-center"
        >
          Accommodations
        </h1>
        <input
          className="text-input"
          onChange={[Function]}
          placeholder="Search Hotels"
          type="text"
        />
        <ul />
        <Pagination
          count={NaN}
          margin={2}
          onPageChange={[Function]}
          page={1}
        />
      </div>
    </div>
  </div>
</div>
`;

exports[`Accomodations Page should show when no accomodations have been found 1`] = `
<div
  className="accommodations"
>
  <div
    className="content-container"
  >
    <div
      className="row"
    >
      <div
        className="col-md-1this.state.number_iterations"
      >
        <h1
          className="display-4 text-center"
        >
          Accommodations
        </h1>
        <input
          className="text-input"
          onChange={[Function]}
          placeholder="Search Hotels"
          type="text"
        />
        <ul />
        <Pagination
          count={NaN}
          margin={2}
          onPageChange={[Function]}
          page={1}
        />
      </div>
    </div>
  </div>
</div>
`;
