// Jest Snapshot v1, https://goo.gl/fbAQLP

exports[`Accomodations Page should render accomodations page correctly 1`] = `
<div
  className="accommodations"
>
  <div
    className="content-container"
  >
    <div
      className="row"
    >
      <div
        className="col-md-1this.state.number_iterations"
      >
        <h1
          className="display-4 text-center"
        >
          Accommodations
        </h1>
        <input
          onChange={[Function]}
          placeholder="Search"
          type="text"
        />
        <ul>
          <div
            key="65"
          >
            <withRouter(AccommodationItem)
              address_1="Laubichl 141"
              address_2=""
              address_3="Mayrhofen"
              country={
                Object {
                  "id": 15,
                  "name": "Austria",
                }
              }
              description="<p>Alpine bliss! The Almhof sits in a meadow in Mayrhofen, surrounded by magnificent mountain views. Just a short stroll from the centre of the festival and the main ski lifts, you can escape the madness in minutes to chill on your balcony and watch the sun set behind the Penken, or relax in the reading lounge - with free WiFi. Ohh la la.</p> <p>Each room is kitted out with a TV, hairdryer, safe, telephone and balcony overlooking Mayrhofen&rsquo;s snow-capped mountains and the new spa area comes equipped with a Finnish sauna, steam bath and a gym.</p> <p>If you want great value, centrally located traditional Austrian accommodation with clean and simple Tyrolean themed d&eacute;cor, then look no further than the Almhof&hellip;</p>"
              facilities={
                Array [
                  Object {
                    "id": 36,
                    "label": "Balcony or Terrace",
                  },
                  Object {
                    "id": 1,
                    "label": "En Suite",
                  },
                  Object {
                    "id": 8,
                    "label": "Gardens",
                  },
                  Object {
                    "id": 28,
                    "label": "Restaurant",
                  },
                  Object {
                    "id": 10,
                    "label": "Safety Deposit Box",
                  },
                  Object {
                    "id": 33,
                    "label": "Sat TV",
                  },
                  Object {
                    "id": 26,
                    "label": "Sauna",
                  },
                  Object {
                    "id": 34,
                    "label": "Telephone",
                  },
                  Object {
                    "id": 12,
                    "label": "WIFI Access",
                  },
                ]
              }
              id={65}
              images={
                Array [
                  Object {
                    "filename": "d/1340892898_65_doppelzimmer use.jpg",
                    "filename_medium": "d/medium_1340892898_65_doppelzimmer use.jpg",
                    "filename_thumb": "d/thumb_1340892898_65_doppelzimmer use.jpg",
                    "id": 8999,
                  },
                  Object {
                    "filename": "d/1340892898_65_doppelzimmer- oder dreibettzimmer use.jpg",
                    "filename_medium": "d/medium_1340892898_65_doppelzimmer- oder dreibettzimmer use.jpg",
                    "filename_thumb": "d/thumb_1340892898_65_doppelzimmer- oder dreibettzimmer use.jpg",
                    "id": 9000,
                  },
                  Object {
                    "filename": "d/1340892898_65_dsc_0028 use.jpg",
                    "filename_medium": "d/medium_1340892898_65_dsc_0028 use.jpg",
                    "filename_thumb": "d/thumb_1340892898_65_dsc_0028 use.jpg",
                    "id": 9001,
                  },
                  Object {
                    "filename": "d/1340892898_65_dsc_0072 use.jpg",
                    "filename_medium": "d/medium_1340892898_65_dsc_0072 use.jpg",
                    "filename_thumb": "d/thumb_1340892898_65_dsc_0072 use.jpg",
                    "id": 9002,
                  },
                  Object {
                    "filename": "u/1340892898_65_use.jpg",
                    "filename_medium": "u/medium_1340892898_65_use.jpg",
                    "filename_thumb": "u/thumb_1340892898_65_use.jpg",
                    "id": 9003,
                  },
                  Object {
                    "filename": "d/1340892898_65_dsc_0056 use.jpg",
                    "filename_medium": "d/medium_1340892898_65_dsc_0056 use.jpg",
                    "filename_thumb": "d/thumb_1340892898_65_dsc_0056 use.jpg",
                    "id": 9005,
                  },
                ]
              }
              location={
                Object {
                  "id": 522,
                  "location_lat": 47.1726510645752,
                  "location_long": 11.86708005850528,
                  "name": "Hotel Garni Almhof",
                }
              }
              name="Hotel Garni Almhof - In Town - Central Mayrhofen"
              postcode="A-6290"
              rating={
                Object {
                  "id": 3,
                  "label": "3*",
                }
              }
              resort={
                Object {
                  "id": 74,
                  "name": "Mayrhofen Central",
                }
              }
              rooms={
                Array [
                  Object {
                    "description": "<i class=\\"fa fa-ticket fa-1\\" aria-hidden=\\"true\\"></i> Festival Ticket Included &nbsp; &nbsp; &nbsp;<i class=\\"fa fa-coffee fa-1\\" aria-hidden=\\"true\\"></i> Breakfast Included",
                    "id": 129,
                    "min_occupancy": 2,
                    "name": "Austrian Twin/Double",
                    "number_of_core_nights": null,
                    "occupancy": 2,
                    "per_night_prices": Array [],
                    "room_type_description": "Austrian Twin/Double",
                    "sort_order": 450,
                    "type_id": 22,
                    "upsell": "",
                    "website_url": "http://www.almhof-mayrhofen.at",
                  },
                  Object {
                    "description": "<i class=\\"fa fa-ticket fa-1\\" aria-hidden=\\"true\\"></i> Festival Ticket Included &nbsp; &nbsp; &nbsp;<i class=\\"fa fa-coffee fa-1\\" aria-hidden=\\"true\\"></i> Breakfast Included",
                    "id": 130,
                    "min_occupancy": 3,
                    "name": "Triple",
                    "number_of_core_nights": null,
                    "occupancy": 3,
                    "per_night_prices": Array [],
                    "room_type_description": "Triple",
                    "sort_order": 0,
                    "type_id": 4,
                    "upsell": "",
                    "website_url": "http://www.almhof-mayrhofen.at",
                  },
                ]
              }
              sort_order={0}
            />
          </div>
          <div
            key="67"
          >
            <withRouter(AccommodationItem)
              accommodation_room_prices={
                Object {
                  "max": 40900,
                  "max_per_night": 8180,
                  "min": 40900,
                  "min_per_night": 8180,
                }
              }
              address_1="Schwendau 172"
              address_2=""
              address_3="Hippach-Schwendau"
              country={
                Object {
                  "id": 15,
                  "name": "Austria",
                }
              }
              description="<p><span>A typically Tyrolean, small family run guesthouse located in the farming community of Swendau which offers a warm welcome and true Tyrolean hospitality like no other&hellip; </span></p> <p><span>The rich breakfast buffet is the basis for a big day pummelling the piste. Spoil yourself and enjoy doing nothing in our sauna area: Finnish Sauna, Aroma-steam and sauna! All of the core venues including, The Racket Club, Forest Party, Street Party and Br&uuml;ck&rsquo;n Stadl are only a short drive away on the free ski bus, which scoots directly into the centre of town to take you from pillow to piste to party and back again. </span></p> <p><span>Please note: This hotel operates a no swimwear in the spa policy, although towels are ok. Don't be shy!</span></p>"
              facilities={
                Array [
                  Object {
                    "id": 36,
                    "label": "Balcony or Terrace",
                  },
                  Object {
                    "id": 4,
                    "label": "Bar",
                  },
                  Object {
                    "id": 27,
                    "label": "Breakfast",
                  },
                  Object {
                    "id": 1,
                    "label": "En Suite",
                  },
                  Object {
                    "id": 8,
                    "label": "Gardens",
                  },
                  Object {
                    "id": 19,
                    "label": "Private bathrooms",
                  },
                  Object {
                    "id": 28,
                    "label": "Restaurant",
                  },
                  Object {
                    "id": 33,
                    "label": "Sat TV",
                  },
                  Object {
                    "id": 26,
                    "label": "Sauna",
                  },
                ]
              }
              id={67}
              images={
                Array [
                  Object {
                    "filename": "h/1340892898_67_hotel alpina front image.jpg",
                    "filename_medium": "h/medium_1340892898_67_hotel alpina front image.jpg",
                    "filename_thumb": "h/thumb_1340892898_67_hotel alpina front image.jpg",
                    "id": 9972,
                  },
                  Object {
                    "filename": "b/1340892898_67_bar.jpg",
                    "filename_medium": "b/medium_1340892898_67_bar.jpg",
                    "filename_thumb": "b/thumb_1340892898_67_bar.jpg",
                    "id": 9973,
                  },
                  Object {
                    "filename": "b/1340892898_67_bedroom 2.jpeg",
                    "filename_medium": "b/medium_1340892898_67_bedroom 2.jpeg",
                    "filename_thumb": "b/thumb_1340892898_67_bedroom 2.jpeg",
                    "id": 9974,
                  },
                  Object {
                    "filename": "b/1340892898_67_bedroom.jpeg",
                    "filename_medium": "b/medium_1340892898_67_bedroom.jpeg",
                    "filename_thumb": "b/thumb_1340892898_67_bedroom.jpeg",
                    "id": 9975,
                  },
                  Object {
                    "filename": "d/1340892898_67_dining.jpeg",
                    "filename_medium": "d/medium_1340892898_67_dining.jpeg",
                    "filename_thumb": "d/thumb_1340892898_67_dining.jpeg",
                    "id": 9976,
                  },
                  Object {
                    "filename": "r/1340892898_67_restaurant.jpeg",
                    "filename_medium": "r/medium_1340892898_67_restaurant.jpeg",
                    "filename_thumb": "r/thumb_1340892898_67_restaurant.jpeg",
                    "id": 9977,
                  },
                ]
              }
              location={
                Object {
                  "id": 541,
                  "location_lat": 47.19672831563998,
                  "location_long": 11.85784253065799,
                  "name": "Hotel Alpina",
                }
              }
              name="Hotel Alpina - Zillertal Valley"
              postcode="172"
              rating={
                Object {
                  "id": 3,
                  "label": "3*",
                }
              }
              resort={
                Object {
                  "id": 106,
                  "name": "Mayrhofen Non-Central",
                }
              }
              rooms={
                Array [
                  Object {
                    "description": "<i class=\\"fa fa-ticket fa-1\\" aria-hidden=\\"true\\"></i> Festival Ticket Included &nbsp; &nbsp; &nbsp;<i class=\\"fa fa-coffee fa-1\\" aria-hidden=\\"true\\"></i> Breakfast Included",
                    "id": 135,
                    "min_occupancy": 1,
                    "name": "Single",
                    "number_of_core_nights": null,
                    "occupancy": 1,
                    "per_night_prices": Array [],
                    "room_type_description": "Single",
                    "sort_order": 370,
                    "type_id": 1,
                    "upsell": "",
                    "website_url": "http://www.hotel-alpina-online.at",
                  },
                  Object {
                    "description": "<i class=\\"fa fa-ticket fa-1\\" aria-hidden=\\"true\\"></i> Festival Ticket Included &nbsp; &nbsp; &nbsp;<i class=\\"fa fa-coffee fa-1\\" aria-hidden=\\"true\\"></i> Breakfast Included",
                    "extras": Array [],
                    "facilities": Array [
                      Object {
                        "id": 1,
                        "label": "En Suite",
                      },
                      Object {
                        "id": 6,
                        "label": "Bed Linen included",
                      },
                      Object {
                        "id": 17,
                        "label": "Towels included",
                      },
                      Object {
                        "id": 27,
                        "label": "Breakfast",
                      },
                    ],
                    "id": 136,
                    "min_occupancy": 2,
                    "name": "Austrian Twin/Double ",
                    "number_of_core_nights": 5,
                    "occupancy": 2,
                    "per_core_night_price": Object {
                      "price": Object {
                        "currency_exponent": 2,
                        "currency_id": 98,
                        "currency_iso_code": "GBP",
                        "price": "£81.80",
                        "value": 8180,
                      },
                    },
                    "per_night_prices": Array [
                      Object {
                        "iso_value": "2018-04-07",
                        "price": Object {
                          "currency_exponent": 2,
                          "currency_id": 98,
                          "currency_iso_code": "GBP",
                          "price": "£64.00",
                          "value": 6400,
                        },
                      },
                      Object {
                        "iso_value": "2018-04-08",
                        "price": Object {
                          "currency_exponent": 2,
                          "currency_id": 98,
                          "currency_iso_code": "GBP",
                          "price": "£64.00",
                          "value": 6400,
                        },
                      },
                      Object {
                        "iso_value": "2018-04-09",
                        "price": Object {
                          "currency_exponent": 2,
                          "currency_id": 98,
                          "currency_iso_code": "GBP",
                          "price": "£0.00",
                          "value": 0,
                        },
                      },
                      Object {
                        "iso_value": "2018-04-10",
                        "price": Object {
                          "currency_exponent": 2,
                          "currency_id": 98,
                          "currency_iso_code": "GBP",
                          "price": "£0.00",
                          "value": 0,
                        },
                      },
                      Object {
                        "iso_value": "2018-04-11",
                        "price": Object {
                          "currency_exponent": 2,
                          "currency_id": 98,
                          "currency_iso_code": "GBP",
                          "price": "£0.00",
                          "value": 0,
                        },
                      },
                      Object {
                        "iso_value": "2018-04-12",
                        "price": Object {
                          "currency_exponent": 2,
                          "currency_id": 98,
                          "currency_iso_code": "GBP",
                          "price": "£0.00",
                          "value": 0,
                        },
                      },
                      Object {
                        "iso_value": "2018-04-13",
                        "price": Object {
                          "currency_exponent": 2,
                          "currency_id": 98,
                          "currency_iso_code": "GBP",
                          "price": "£0.00",
                          "value": 0,
                        },
                      },
                      Object {
                        "iso_value": "2018-04-14",
                        "price": Object {
                          "currency_exponent": 2,
                          "currency_id": 98,
                          "currency_iso_code": "GBP",
                          "price": "£64.00",
                          "value": 6400,
                        },
                      },
                    ],
                    "room_type_description": "Austrian Twin/Double",
                    "rules": Object {
                      "available_end_date": Object {
                        "iso_value": "2018-04-13 00:00:00",
                        "isotz_value": "2018-04-13T00:00:00+01:00",
                      },
                      "available_start_date": Object {
                        "iso_value": "2018-04-09 00:00:00",
                        "isotz_value": "2018-04-09T00:00:00+01:00",
                      },
                      "extended_end_date": Object {
                        "iso_value": "2018-04-14 00:00:00",
                        "isotz_value": "2018-04-14T00:00:00+01:00",
                      },
                      "extended_start_date": Object {
                        "iso_value": "2018-04-07 00:00:00",
                        "isotz_value": "2018-04-07T00:00:00+01:00",
                      },
                      "mandatory": false,
                      "maximum_nights": null,
                      "minimum_nights": null,
                      "per_person": true,
                      "purchase_bookingflow": true,
                      "purchase_dashboard": true,
                      "purchase_end_date": Object {
                        "iso_value": "2018-04-07 00:00:00",
                        "isotz_value": "2018-04-07T00:00:00+01:00",
                      },
                      "purchase_start_date": Object {
                        "iso_value": "2017-06-28 00:00:00",
                        "isotz_value": "2017-06-28T00:00:00+01:00",
                      },
                    },
                    "sort_order": 0,
                    "supplement_price": Object {
                      "price": Object {
                        "currency_exponent": 2,
                        "currency_id": 98,
                        "currency_iso_code": "GBP",
                        "price": "£409.00",
                        "value": 40900,
                      },
                    },
                    "type_id": 22,
                    "upsell": "",
                    "website_url": "http://www.hotel-alpina-online.at",
                  },
                  Object {
                    "description": "<i class=\\"fa fa-ticket fa-1\\" aria-hidden=\\"true\\"></i> Festival Ticket Included &nbsp; &nbsp; &nbsp;<i class=\\"fa fa-coffee fa-1\\" aria-hidden=\\"true\\"></i> Breakfast Included",
                    "extras": Array [],
                    "facilities": Array [
                      Object {
                        "id": 1,
                        "label": "En Suite",
                      },
                      Object {
                        "id": 6,
                        "label": "Bed Linen included",
                      },
                      Object {
                        "id": 17,
                        "label": "Towels included",
                      },
                      Object {
                        "id": 27,
                        "label": "Breakfast",
                      },
                    ],
                    "id": 137,
                    "min_occupancy": 3,
                    "name": "Triple ",
                    "number_of_core_nights": 5,
                    "occupancy": 3,
                    "per_core_night_price": Object {
                      "price": Object {
                        "currency_exponent": 2,
                        "currency_id": 98,
                        "currency_iso_code": "GBP",
                        "price": "£81.80",
                        "value": 8180,
                      },
                    },
                    "per_night_prices": Array [
                      Object {
                        "iso_value": "2018-04-07",
                        "price": Object {
                          "currency_exponent": 2,
                          "currency_id": 98,
                          "currency_iso_code": "GBP",
                          "price": "£64.00",
                          "value": 6400,
                        },
                      },
                      Object {
                        "iso_value": "2018-04-08",
                        "price": Object {
                          "currency_exponent": 2,
                          "currency_id": 98,
                          "currency_iso_code": "GBP",
                          "price": "£64.00",
                          "value": 6400,
                        },
                      },
                      Object {
                        "iso_value": "2018-04-09",
                        "price": Object {
                          "currency_exponent": 2,
                          "currency_id": 98,
                          "currency_iso_code": "GBP",
                          "price": "£0.00",
                          "value": 0,
                        },
                      },
                      Object {
                        "iso_value": "2018-04-10",
                        "price": Object {
                          "currency_exponent": 2,
                          "currency_id": 98,
                          "currency_iso_code": "GBP",
                          "price": "£0.00",
                          "value": 0,
                        },
                      },
                      Object {
                        "iso_value": "2018-04-11",
                        "price": Object {
                          "currency_exponent": 2,
                          "currency_id": 98,
                          "currency_iso_code": "GBP",
                          "price": "£0.00",
                          "value": 0,
                        },
                      },
                      Object {
                        "iso_value": "2018-04-12",
                        "price": Object {
                          "currency_exponent": 2,
                          "currency_id": 98,
                          "currency_iso_code": "GBP",
                          "price": "£0.00",
                          "value": 0,
                        },
                      },
                      Object {
                        "iso_value": "2018-04-13",
                        "price": Object {
                          "currency_exponent": 2,
                          "currency_id": 98,
                          "currency_iso_code": "GBP",
                          "price": "£0.00",
                          "value": 0,
                        },
                      },
                      Object {
                        "iso_value": "2018-04-14",
                        "price": Object {
                          "currency_exponent": 2,
                          "currency_id": 98,
                          "currency_iso_code": "GBP",
                          "price": "£64.00",
                          "value": 6400,
                        },
                      },
                    ],
                    "room_type_description": "Triple",
                    "rules": Object {
                      "available_end_date": Object {
                        "iso_value": "2018-04-13 00:00:00",
                        "isotz_value": "2018-04-13T00:00:00+01:00",
                      },
                      "available_start_date": Object {
                        "iso_value": "2018-04-09 00:00:00",
                        "isotz_value": "2018-04-09T00:00:00+01:00",
                      },
                      "extended_end_date": Object {
                        "iso_value": "2018-04-14 00:00:00",
                        "isotz_value": "2018-04-14T00:00:00+01:00",
                      },
                      "extended_start_date": Object {
                        "iso_value": "2018-04-07 00:00:00",
                        "isotz_value": "2018-04-07T00:00:00+01:00",
                      },
                      "mandatory": false,
                      "maximum_nights": null,
                      "minimum_nights": null,
                      "per_person": true,
                      "purchase_bookingflow": true,
                      "purchase_dashboard": true,
                      "purchase_end_date": Object {
                        "iso_value": "2018-04-07 00:00:00",
                        "isotz_value": "2018-04-07T00:00:00+01:00",
                      },
                      "purchase_start_date": Object {
                        "iso_value": "2017-06-28 00:00:00",
                        "isotz_value": "2017-06-28T00:00:00+01:00",
                      },
                    },
                    "sort_order": 0,
                    "supplement_price": Object {
                      "price": Object {
                        "currency_exponent": 2,
                        "currency_id": 98,
                        "currency_iso_code": "GBP",
                        "price": "£409.00",
                        "value": 40900,
                      },
                    },
                    "type_id": 4,
                    "upsell": "",
                    "website_url": "http://www.hotel-alpina-online.at",
                  },
                  Object {
                    "description": "<i class=\\"fa fa-ticket fa-1\\" aria-hidden=\\"true\\"></i> Festival Ticket Included &nbsp; &nbsp; &nbsp;<i class=\\"fa fa-coffee fa-1\\" aria-hidden=\\"true\\"></i> Breakfast Included",
                    "extras": Array [],
                    "facilities": Array [
                      Object {
                        "id": 1,
                        "label": "En Suite",
                      },
                      Object {
                        "id": 6,
                        "label": "Bed Linen included",
                      },
                      Object {
                        "id": 17,
                        "label": "Towels included",
                      },
                      Object {
                        "id": 27,
                        "label": "Breakfast",
                      },
                    ],
                    "id": 138,
                    "min_occupancy": 4,
                    "name": "Quad",
                    "number_of_core_nights": 5,
                    "occupancy": 4,
                    "per_core_night_price": Object {
                      "price": Object {
                        "currency_exponent": 2,
                        "currency_id": 98,
                        "currency_iso_code": "GBP",
                        "price": "£81.80",
                        "value": 8180,
                      },
                    },
                    "per_night_prices": Array [
                      Object {
                        "iso_value": "2018-04-07",
                        "price": Object {
                          "currency_exponent": 2,
                          "currency_id": 98,
                          "currency_iso_code": "GBP",
                          "price": "£64.00",
                          "value": 6400,
                        },
                      },
                      Object {
                        "iso_value": "2018-04-08",
                        "price": Object {
                          "currency_exponent": 2,
                          "currency_id": 98,
                          "currency_iso_code": "GBP",
                          "price": "£64.00",
                          "value": 6400,
                        },
                      },
                      Object {
                        "iso_value": "2018-04-09",
                        "price": Object {
                          "currency_exponent": 2,
                          "currency_id": 98,
                          "currency_iso_code": "GBP",
                          "price": "£0.00",
                          "value": 0,
                        },
                      },
                      Object {
                        "iso_value": "2018-04-10",
                        "price": Object {
                          "currency_exponent": 2,
                          "currency_id": 98,
                          "currency_iso_code": "GBP",
                          "price": "£0.00",
                          "value": 0,
                        },
                      },
                      Object {
                        "iso_value": "2018-04-11",
                        "price": Object {
                          "currency_exponent": 2,
                          "currency_id": 98,
                          "currency_iso_code": "GBP",
                          "price": "£0.00",
                          "value": 0,
                        },
                      },
                      Object {
                        "iso_value": "2018-04-12",
                        "price": Object {
                          "currency_exponent": 2,
                          "currency_id": 98,
                          "currency_iso_code": "GBP",
                          "price": "£0.00",
                          "value": 0,
                        },
                      },
                      Object {
                        "iso_value": "2018-04-13",
                        "price": Object {
                          "currency_exponent": 2,
                          "currency_id": 98,
                          "currency_iso_code": "GBP",
                          "price": "£0.00",
                          "value": 0,
                        },
                      },
                      Object {
                        "iso_value": "2018-04-14",
                        "price": Object {
                          "currency_exponent": 2,
                          "currency_id": 98,
                          "currency_iso_code": "GBP",
                          "price": "£64.00",
                          "value": 6400,
                        },
                      },
                    ],
                    "room_type_description": "Quad",
                    "rules": Object {
                      "available_end_date": Object {
                        "iso_value": "2018-04-13 00:00:00",
                        "isotz_value": "2018-04-13T00:00:00+01:00",
                      },
                      "available_start_date": Object {
                        "iso_value": "2018-04-09 00:00:00",
                        "isotz_value": "2018-04-09T00:00:00+01:00",
                      },
                      "extended_end_date": Object {
                        "iso_value": "2018-04-14 00:00:00",
                        "isotz_value": "2018-04-14T00:00:00+01:00",
                      },
                      "extended_start_date": Object {
                        "iso_value": "2018-04-07 00:00:00",
                        "isotz_value": "2018-04-07T00:00:00+01:00",
                      },
                      "mandatory": false,
                      "maximum_nights": null,
                      "minimum_nights": null,
                      "per_person": true,
                      "purchase_bookingflow": true,
                      "purchase_dashboard": true,
                      "purchase_end_date": Object {
                        "iso_value": "2018-04-07 00:00:00",
                        "isotz_value": "2018-04-07T00:00:00+01:00",
                      },
                      "purchase_start_date": Object {
                        "iso_value": "2017-06-28 00:00:00",
                        "isotz_value": "2017-06-28T00:00:00+01:00",
                      },
                    },
                    "sort_order": 0,
                    "supplement_price": Object {
                      "price": Object {
                        "currency_exponent": 2,
                        "currency_id": 98,
                        "currency_iso_code": "GBP",
                        "price": "£409.00",
                        "value": 40900,
                      },
                    },
                    "type_id": 190,
                    "upsell": "",
                    "website_url": "http://www.hotel-alpina-online.at",
                  },
                ]
              }
              sort_order={0}
              type={
                Object {
                  "id": 1,
                  "name": "Hotel",
                }
              }
            />
          </div>
        </ul>
        <Pagination
          count={50}
          margin={2}
          onPageChange={[Function]}
          page={1}
        />
      </div>
    </div>
  </div>
</div>
`;

exports[`Accomodations Page should show when no accomodations have been found 1`] = `
<div
  className="accommodations"
>
  <div
    className="content-container"
  >
    <div
      className="row"
    >
      <div
        className="col-md-1this.state.number_iterations"
      >
        <h1
          className="display-4 text-center"
        >
          Accommodations
        </h1>
        <input
          onChange={[Function]}
          placeholder="Search"
          type="text"
        />
        <ul>
          <div
            key="65"
          >
            <withRouter(AccommodationItem)
              address_1="Laubichl 141"
              address_2=""
              address_3="Mayrhofen"
              country={
                Object {
                  "id": 15,
                  "name": "Austria",
                }
              }
              description="<p>Alpine bliss! The Almhof sits in a meadow in Mayrhofen, surrounded by magnificent mountain views. Just a short stroll from the centre of the festival and the main ski lifts, you can escape the madness in minutes to chill on your balcony and watch the sun set behind the Penken, or relax in the reading lounge - with free WiFi. Ohh la la.</p> <p>Each room is kitted out with a TV, hairdryer, safe, telephone and balcony overlooking Mayrhofen&rsquo;s snow-capped mountains and the new spa area comes equipped with a Finnish sauna, steam bath and a gym.</p> <p>If you want great value, centrally located traditional Austrian accommodation with clean and simple Tyrolean themed d&eacute;cor, then look no further than the Almhof&hellip;</p>"
              facilities={
                Array [
                  Object {
                    "id": 36,
                    "label": "Balcony or Terrace",
                  },
                  Object {
                    "id": 1,
                    "label": "En Suite",
                  },
                  Object {
                    "id": 8,
                    "label": "Gardens",
                  },
                  Object {
                    "id": 28,
                    "label": "Restaurant",
                  },
                  Object {
                    "id": 10,
                    "label": "Safety Deposit Box",
                  },
                  Object {
                    "id": 33,
                    "label": "Sat TV",
                  },
                  Object {
                    "id": 26,
                    "label": "Sauna",
                  },
                  Object {
                    "id": 34,
                    "label": "Telephone",
                  },
                  Object {
                    "id": 12,
                    "label": "WIFI Access",
                  },
                ]
              }
              id={65}
              images={
                Array [
                  Object {
                    "filename": "d/1340892898_65_doppelzimmer use.jpg",
                    "filename_medium": "d/medium_1340892898_65_doppelzimmer use.jpg",
                    "filename_thumb": "d/thumb_1340892898_65_doppelzimmer use.jpg",
                    "id": 8999,
                  },
                  Object {
                    "filename": "d/1340892898_65_doppelzimmer- oder dreibettzimmer use.jpg",
                    "filename_medium": "d/medium_1340892898_65_doppelzimmer- oder dreibettzimmer use.jpg",
                    "filename_thumb": "d/thumb_1340892898_65_doppelzimmer- oder dreibettzimmer use.jpg",
                    "id": 9000,
                  },
                  Object {
                    "filename": "d/1340892898_65_dsc_0028 use.jpg",
                    "filename_medium": "d/medium_1340892898_65_dsc_0028 use.jpg",
                    "filename_thumb": "d/thumb_1340892898_65_dsc_0028 use.jpg",
                    "id": 9001,
                  },
                  Object {
                    "filename": "d/1340892898_65_dsc_0072 use.jpg",
                    "filename_medium": "d/medium_1340892898_65_dsc_0072 use.jpg",
                    "filename_thumb": "d/thumb_1340892898_65_dsc_0072 use.jpg",
                    "id": 9002,
                  },
                  Object {
                    "filename": "u/1340892898_65_use.jpg",
                    "filename_medium": "u/medium_1340892898_65_use.jpg",
                    "filename_thumb": "u/thumb_1340892898_65_use.jpg",
                    "id": 9003,
                  },
                  Object {
                    "filename": "d/1340892898_65_dsc_0056 use.jpg",
                    "filename_medium": "d/medium_1340892898_65_dsc_0056 use.jpg",
                    "filename_thumb": "d/thumb_1340892898_65_dsc_0056 use.jpg",
                    "id": 9005,
                  },
                ]
              }
              location={
                Object {
                  "id": 522,
                  "location_lat": 47.1726510645752,
                  "location_long": 11.86708005850528,
                  "name": "Hotel Garni Almhof",
                }
              }
              name="Hotel Garni Almhof - In Town - Central Mayrhofen"
              postcode="A-6290"
              rating={
                Object {
                  "id": 3,
                  "label": "3*",
                }
              }
              resort={
                Object {
                  "id": 74,
                  "name": "Mayrhofen Central",
                }
              }
              rooms={
                Array [
                  Object {
                    "description": "<i class=\\"fa fa-ticket fa-1\\" aria-hidden=\\"true\\"></i> Festival Ticket Included &nbsp; &nbsp; &nbsp;<i class=\\"fa fa-coffee fa-1\\" aria-hidden=\\"true\\"></i> Breakfast Included",
                    "id": 129,
                    "min_occupancy": 2,
                    "name": "Austrian Twin/Double",
                    "number_of_core_nights": null,
                    "occupancy": 2,
                    "per_night_prices": Array [],
                    "room_type_description": "Austrian Twin/Double",
                    "sort_order": 450,
                    "type_id": 22,
                    "upsell": "",
                    "website_url": "http://www.almhof-mayrhofen.at",
                  },
                  Object {
                    "description": "<i class=\\"fa fa-ticket fa-1\\" aria-hidden=\\"true\\"></i> Festival Ticket Included &nbsp; &nbsp; &nbsp;<i class=\\"fa fa-coffee fa-1\\" aria-hidden=\\"true\\"></i> Breakfast Included",
                    "id": 130,
                    "min_occupancy": 3,
                    "name": "Triple",
                    "number_of_core_nights": null,
                    "occupancy": 3,
                    "per_night_prices": Array [],
                    "room_type_description": "Triple",
                    "sort_order": 0,
                    "type_id": 4,
                    "upsell": "",
                    "website_url": "http://www.almhof-mayrhofen.at",
                  },
                ]
              }
              sort_order={0}
            />
          </div>
          <div
            key="67"
          >
            <withRouter(AccommodationItem)
              accommodation_room_prices={
                Object {
                  "max": 40900,
                  "max_per_night": 8180,
                  "min": 40900,
                  "min_per_night": 8180,
                }
              }
              address_1="Schwendau 172"
              address_2=""
              address_3="Hippach-Schwendau"
              country={
                Object {
                  "id": 15,
                  "name": "Austria",
                }
              }
              description="<p><span>A typically Tyrolean, small family run guesthouse located in the farming community of Swendau which offers a warm welcome and true Tyrolean hospitality like no other&hellip; </span></p> <p><span>The rich breakfast buffet is the basis for a big day pummelling the piste. Spoil yourself and enjoy doing nothing in our sauna area: Finnish Sauna, Aroma-steam and sauna! All of the core venues including, The Racket Club, Forest Party, Street Party and Br&uuml;ck&rsquo;n Stadl are only a short drive away on the free ski bus, which scoots directly into the centre of town to take you from pillow to piste to party and back again. </span></p> <p><span>Please note: This hotel operates a no swimwear in the spa policy, although towels are ok. Don't be shy!</span></p>"
              facilities={
                Array [
                  Object {
                    "id": 36,
                    "label": "Balcony or Terrace",
                  },
                  Object {
                    "id": 4,
                    "label": "Bar",
                  },
                  Object {
                    "id": 27,
                    "label": "Breakfast",
                  },
                  Object {
                    "id": 1,
                    "label": "En Suite",
                  },
                  Object {
                    "id": 8,
                    "label": "Gardens",
                  },
                  Object {
                    "id": 19,
                    "label": "Private bathrooms",
                  },
                  Object {
                    "id": 28,
                    "label": "Restaurant",
                  },
                  Object {
                    "id": 33,
                    "label": "Sat TV",
                  },
                  Object {
                    "id": 26,
                    "label": "Sauna",
                  },
                ]
              }
              id={67}
              images={
                Array [
                  Object {
                    "filename": "h/1340892898_67_hotel alpina front image.jpg",
                    "filename_medium": "h/medium_1340892898_67_hotel alpina front image.jpg",
                    "filename_thumb": "h/thumb_1340892898_67_hotel alpina front image.jpg",
                    "id": 9972,
                  },
                  Object {
                    "filename": "b/1340892898_67_bar.jpg",
                    "filename_medium": "b/medium_1340892898_67_bar.jpg",
                    "filename_thumb": "b/thumb_1340892898_67_bar.jpg",
                    "id": 9973,
                  },
                  Object {
                    "filename": "b/1340892898_67_bedroom 2.jpeg",
                    "filename_medium": "b/medium_1340892898_67_bedroom 2.jpeg",
                    "filename_thumb": "b/thumb_1340892898_67_bedroom 2.jpeg",
                    "id": 9974,
                  },
                  Object {
                    "filename": "b/1340892898_67_bedroom.jpeg",
                    "filename_medium": "b/medium_1340892898_67_bedroom.jpeg",
                    "filename_thumb": "b/thumb_1340892898_67_bedroom.jpeg",
                    "id": 9975,
                  },
                  Object {
                    "filename": "d/1340892898_67_dining.jpeg",
                    "filename_medium": "d/medium_1340892898_67_dining.jpeg",
                    "filename_thumb": "d/thumb_1340892898_67_dining.jpeg",
                    "id": 9976,
                  },
                  Object {
                    "filename": "r/1340892898_67_restaurant.jpeg",
                    "filename_medium": "r/medium_1340892898_67_restaurant.jpeg",
                    "filename_thumb": "r/thumb_1340892898_67_restaurant.jpeg",
                    "id": 9977,
                  },
                ]
              }
              location={
                Object {
                  "id": 541,
                  "location_lat": 47.19672831563998,
                  "location_long": 11.85784253065799,
                  "name": "Hotel Alpina",
                }
              }
              name="Hotel Alpina - Zillertal Valley"
              postcode="172"
              rating={
                Object {
                  "id": 3,
                  "label": "3*",
                }
              }
              resort={
                Object {
                  "id": 106,
                  "name": "Mayrhofen Non-Central",
                }
              }
              rooms={
                Array [
                  Object {
                    "description": "<i class=\\"fa fa-ticket fa-1\\" aria-hidden=\\"true\\"></i> Festival Ticket Included &nbsp; &nbsp; &nbsp;<i class=\\"fa fa-coffee fa-1\\" aria-hidden=\\"true\\"></i> Breakfast Included",
                    "id": 135,
                    "min_occupancy": 1,
                    "name": "Single",
                    "number_of_core_nights": null,
                    "occupancy": 1,
                    "per_night_prices": Array [],
                    "room_type_description": "Single",
                    "sort_order": 370,
                    "type_id": 1,
                    "upsell": "",
                    "website_url": "http://www.hotel-alpina-online.at",
                  },
                  Object {
                    "description": "<i class=\\"fa fa-ticket fa-1\\" aria-hidden=\\"true\\"></i> Festival Ticket Included &nbsp; &nbsp; &nbsp;<i class=\\"fa fa-coffee fa-1\\" aria-hidden=\\"true\\"></i> Breakfast Included",
                    "extras": Array [],
                    "facilities": Array [
                      Object {
                        "id": 1,
                        "label": "En Suite",
                      },
                      Object {
                        "id": 6,
                        "label": "Bed Linen included",
                      },
                      Object {
                        "id": 17,
                        "label": "Towels included",
                      },
                      Object {
                        "id": 27,
                        "label": "Breakfast",
                      },
                    ],
                    "id": 136,
                    "min_occupancy": 2,
                    "name": "Austrian Twin/Double ",
                    "number_of_core_nights": 5,
                    "occupancy": 2,
                    "per_core_night_price": Object {
                      "price": Object {
                        "currency_exponent": 2,
                        "currency_id": 98,
                        "currency_iso_code": "GBP",
                        "price": "£81.80",
                        "value": 8180,
                      },
                    },
                    "per_night_prices": Array [
                      Object {
                        "iso_value": "2018-04-07",
                        "price": Object {
                          "currency_exponent": 2,
                          "currency_id": 98,
                          "currency_iso_code": "GBP",
                          "price": "£64.00",
                          "value": 6400,
                        },
                      },
                      Object {
                        "iso_value": "2018-04-08",
                        "price": Object {
                          "currency_exponent": 2,
                          "currency_id": 98,
                          "currency_iso_code": "GBP",
                          "price": "£64.00",
                          "value": 6400,
                        },
                      },
                      Object {
                        "iso_value": "2018-04-09",
                        "price": Object {
                          "currency_exponent": 2,
                          "currency_id": 98,
                          "currency_iso_code": "GBP",
                          "price": "£0.00",
                          "value": 0,
                        },
                      },
                      Object {
                        "iso_value": "2018-04-10",
                        "price": Object {
                          "currency_exponent": 2,
                          "currency_id": 98,
                          "currency_iso_code": "GBP",
                          "price": "£0.00",
                          "value": 0,
                        },
                      },
                      Object {
                        "iso_value": "2018-04-11",
                        "price": Object {
                          "currency_exponent": 2,
                          "currency_id": 98,
                          "currency_iso_code": "GBP",
                          "price": "£0.00",
                          "value": 0,
                        },
                      },
                      Object {
                        "iso_value": "2018-04-12",
                        "price": Object {
                          "currency_exponent": 2,
                          "currency_id": 98,
                          "currency_iso_code": "GBP",
                          "price": "£0.00",
                          "value": 0,
                        },
                      },
                      Object {
                        "iso_value": "2018-04-13",
                        "price": Object {
                          "currency_exponent": 2,
                          "currency_id": 98,
                          "currency_iso_code": "GBP",
                          "price": "£0.00",
                          "value": 0,
                        },
                      },
                      Object {
                        "iso_value": "2018-04-14",
                        "price": Object {
                          "currency_exponent": 2,
                          "currency_id": 98,
                          "currency_iso_code": "GBP",
                          "price": "£64.00",
                          "value": 6400,
                        },
                      },
                    ],
                    "room_type_description": "Austrian Twin/Double",
                    "rules": Object {
                      "available_end_date": Object {
                        "iso_value": "2018-04-13 00:00:00",
                        "isotz_value": "2018-04-13T00:00:00+01:00",
                      },
                      "available_start_date": Object {
                        "iso_value": "2018-04-09 00:00:00",
                        "isotz_value": "2018-04-09T00:00:00+01:00",
                      },
                      "extended_end_date": Object {
                        "iso_value": "2018-04-14 00:00:00",
                        "isotz_value": "2018-04-14T00:00:00+01:00",
                      },
                      "extended_start_date": Object {
                        "iso_value": "2018-04-07 00:00:00",
                        "isotz_value": "2018-04-07T00:00:00+01:00",
                      },
                      "mandatory": false,
                      "maximum_nights": null,
                      "minimum_nights": null,
                      "per_person": true,
                      "purchase_bookingflow": true,
                      "purchase_dashboard": true,
                      "purchase_end_date": Object {
                        "iso_value": "2018-04-07 00:00:00",
                        "isotz_value": "2018-04-07T00:00:00+01:00",
                      },
                      "purchase_start_date": Object {
                        "iso_value": "2017-06-28 00:00:00",
                        "isotz_value": "2017-06-28T00:00:00+01:00",
                      },
                    },
                    "sort_order": 0,
                    "supplement_price": Object {
                      "price": Object {
                        "currency_exponent": 2,
                        "currency_id": 98,
                        "currency_iso_code": "GBP",
                        "price": "£409.00",
                        "value": 40900,
                      },
                    },
                    "type_id": 22,
                    "upsell": "",
                    "website_url": "http://www.hotel-alpina-online.at",
                  },
                  Object {
                    "description": "<i class=\\"fa fa-ticket fa-1\\" aria-hidden=\\"true\\"></i> Festival Ticket Included &nbsp; &nbsp; &nbsp;<i class=\\"fa fa-coffee fa-1\\" aria-hidden=\\"true\\"></i> Breakfast Included",
                    "extras": Array [],
                    "facilities": Array [
                      Object {
                        "id": 1,
                        "label": "En Suite",
                      },
                      Object {
                        "id": 6,
                        "label": "Bed Linen included",
                      },
                      Object {
                        "id": 17,
                        "label": "Towels included",
                      },
                      Object {
                        "id": 27,
                        "label": "Breakfast",
                      },
                    ],
                    "id": 137,
                    "min_occupancy": 3,
                    "name": "Triple ",
                    "number_of_core_nights": 5,
                    "occupancy": 3,
                    "per_core_night_price": Object {
                      "price": Object {
                        "currency_exponent": 2,
                        "currency_id": 98,
                        "currency_iso_code": "GBP",
                        "price": "£81.80",
                        "value": 8180,
                      },
                    },
                    "per_night_prices": Array [
                      Object {
                        "iso_value": "2018-04-07",
                        "price": Object {
                          "currency_exponent": 2,
                          "currency_id": 98,
                          "currency_iso_code": "GBP",
                          "price": "£64.00",
                          "value": 6400,
                        },
                      },
                      Object {
                        "iso_value": "2018-04-08",
                        "price": Object {
                          "currency_exponent": 2,
                          "currency_id": 98,
                          "currency_iso_code": "GBP",
                          "price": "£64.00",
                          "value": 6400,
                        },
                      },
                      Object {
                        "iso_value": "2018-04-09",
                        "price": Object {
                          "currency_exponent": 2,
                          "currency_id": 98,
                          "currency_iso_code": "GBP",
                          "price": "£0.00",
                          "value": 0,
                        },
                      },
                      Object {
                        "iso_value": "2018-04-10",
                        "price": Object {
                          "currency_exponent": 2,
                          "currency_id": 98,
                          "currency_iso_code": "GBP",
                          "price": "£0.00",
                          "value": 0,
                        },
                      },
                      Object {
                        "iso_value": "2018-04-11",
                        "price": Object {
                          "currency_exponent": 2,
                          "currency_id": 98,
                          "currency_iso_code": "GBP",
                          "price": "£0.00",
                          "value": 0,
                        },
                      },
                      Object {
                        "iso_value": "2018-04-12",
                        "price": Object {
                          "currency_exponent": 2,
                          "currency_id": 98,
                          "currency_iso_code": "GBP",
                          "price": "£0.00",
                          "value": 0,
                        },
                      },
                      Object {
                        "iso_value": "2018-04-13",
                        "price": Object {
                          "currency_exponent": 2,
                          "currency_id": 98,
                          "currency_iso_code": "GBP",
                          "price": "£0.00",
                          "value": 0,
                        },
                      },
                      Object {
                        "iso_value": "2018-04-14",
                        "price": Object {
                          "currency_exponent": 2,
                          "currency_id": 98,
                          "currency_iso_code": "GBP",
                          "price": "£64.00",
                          "value": 6400,
                        },
                      },
                    ],
                    "room_type_description": "Triple",
                    "rules": Object {
                      "available_end_date": Object {
                        "iso_value": "2018-04-13 00:00:00",
                        "isotz_value": "2018-04-13T00:00:00+01:00",
                      },
                      "available_start_date": Object {
                        "iso_value": "2018-04-09 00:00:00",
                        "isotz_value": "2018-04-09T00:00:00+01:00",
                      },
                      "extended_end_date": Object {
                        "iso_value": "2018-04-14 00:00:00",
                        "isotz_value": "2018-04-14T00:00:00+01:00",
                      },
                      "extended_start_date": Object {
                        "iso_value": "2018-04-07 00:00:00",
                        "isotz_value": "2018-04-07T00:00:00+01:00",
                      },
                      "mandatory": false,
                      "maximum_nights": null,
                      "minimum_nights": null,
                      "per_person": true,
                      "purchase_bookingflow": true,
                      "purchase_dashboard": true,
                      "purchase_end_date": Object {
                        "iso_value": "2018-04-07 00:00:00",
                        "isotz_value": "2018-04-07T00:00:00+01:00",
                      },
                      "purchase_start_date": Object {
                        "iso_value": "2017-06-28 00:00:00",
                        "isotz_value": "2017-06-28T00:00:00+01:00",
                      },
                    },
                    "sort_order": 0,
                    "supplement_price": Object {
                      "price": Object {
                        "currency_exponent": 2,
                        "currency_id": 98,
                        "currency_iso_code": "GBP",
                        "price": "£409.00",
                        "value": 40900,
                      },
                    },
                    "type_id": 4,
                    "upsell": "",
                    "website_url": "http://www.hotel-alpina-online.at",
                  },
                  Object {
                    "description": "<i class=\\"fa fa-ticket fa-1\\" aria-hidden=\\"true\\"></i> Festival Ticket Included &nbsp; &nbsp; &nbsp;<i class=\\"fa fa-coffee fa-1\\" aria-hidden=\\"true\\"></i> Breakfast Included",
                    "extras": Array [],
                    "facilities": Array [
                      Object {
                        "id": 1,
                        "label": "En Suite",
                      },
                      Object {
                        "id": 6,
                        "label": "Bed Linen included",
                      },
                      Object {
                        "id": 17,
                        "label": "Towels included",
                      },
                      Object {
                        "id": 27,
                        "label": "Breakfast",
                      },
                    ],
                    "id": 138,
                    "min_occupancy": 4,
                    "name": "Quad",
                    "number_of_core_nights": 5,
                    "occupancy": 4,
                    "per_core_night_price": Object {
                      "price": Object {
                        "currency_exponent": 2,
                        "currency_id": 98,
                        "currency_iso_code": "GBP",
                        "price": "£81.80",
                        "value": 8180,
                      },
                    },
                    "per_night_prices": Array [
                      Object {
                        "iso_value": "2018-04-07",
                        "price": Object {
                          "currency_exponent": 2,
                          "currency_id": 98,
                          "currency_iso_code": "GBP",
                          "price": "£64.00",
                          "value": 6400,
                        },
                      },
                      Object {
                        "iso_value": "2018-04-08",
                        "price": Object {
                          "currency_exponent": 2,
                          "currency_id": 98,
                          "currency_iso_code": "GBP",
                          "price": "£64.00",
                          "value": 6400,
                        },
                      },
                      Object {
                        "iso_value": "2018-04-09",
                        "price": Object {
                          "currency_exponent": 2,
                          "currency_id": 98,
                          "currency_iso_code": "GBP",
                          "price": "£0.00",
                          "value": 0,
                        },
                      },
                      Object {
                        "iso_value": "2018-04-10",
                        "price": Object {
                          "currency_exponent": 2,
                          "currency_id": 98,
                          "currency_iso_code": "GBP",
                          "price": "£0.00",
                          "value": 0,
                        },
                      },
                      Object {
                        "iso_value": "2018-04-11",
                        "price": Object {
                          "currency_exponent": 2,
                          "currency_id": 98,
                          "currency_iso_code": "GBP",
                          "price": "£0.00",
                          "value": 0,
                        },
                      },
                      Object {
                        "iso_value": "2018-04-12",
                        "price": Object {
                          "currency_exponent": 2,
                          "currency_id": 98,
                          "currency_iso_code": "GBP",
                          "price": "£0.00",
                          "value": 0,
                        },
                      },
                      Object {
                        "iso_value": "2018-04-13",
                        "price": Object {
                          "currency_exponent": 2,
                          "currency_id": 98,
                          "currency_iso_code": "GBP",
                          "price": "£0.00",
                          "value": 0,
                        },
                      },
                      Object {
                        "iso_value": "2018-04-14",
                        "price": Object {
                          "currency_exponent": 2,
                          "currency_id": 98,
                          "currency_iso_code": "GBP",
                          "price": "£64.00",
                          "value": 6400,
                        },
                      },
                    ],
                    "room_type_description": "Quad",
                    "rules": Object {
                      "available_end_date": Object {
                        "iso_value": "2018-04-13 00:00:00",
                        "isotz_value": "2018-04-13T00:00:00+01:00",
                      },
                      "available_start_date": Object {
                        "iso_value": "2018-04-09 00:00:00",
                        "isotz_value": "2018-04-09T00:00:00+01:00",
                      },
                      "extended_end_date": Object {
                        "iso_value": "2018-04-14 00:00:00",
                        "isotz_value": "2018-04-14T00:00:00+01:00",
                      },
                      "extended_start_date": Object {
                        "iso_value": "2018-04-07 00:00:00",
                        "isotz_value": "2018-04-07T00:00:00+01:00",
                      },
                      "mandatory": false,
                      "maximum_nights": null,
                      "minimum_nights": null,
                      "per_person": true,
                      "purchase_bookingflow": true,
                      "purchase_dashboard": true,
                      "purchase_end_date": Object {
                        "iso_value": "2018-04-07 00:00:00",
                        "isotz_value": "2018-04-07T00:00:00+01:00",
                      },
                      "purchase_start_date": Object {
                        "iso_value": "2017-06-28 00:00:00",
                        "isotz_value": "2017-06-28T00:00:00+01:00",
                      },
                    },
                    "sort_order": 0,
                    "supplement_price": Object {
                      "price": Object {
                        "currency_exponent": 2,
                        "currency_id": 98,
                        "currency_iso_code": "GBP",
                        "price": "£409.00",
                        "value": 40900,
                      },
                    },
                    "type_id": 190,
                    "upsell": "",
                    "website_url": "http://www.hotel-alpina-online.at",
                  },
                ]
              }
              sort_order={0}
              type={
                Object {
                  "id": 1,
                  "name": "Hotel",
                }
              }
            />
          </div>
        </ul>
        <Pagination
          count={50}
          margin={2}
          onPageChange={[Function]}
          page={1}
        />
      </div>
    </div>
  </div>
</div>
`;
