// Jest Snapshot v1, https://goo.gl/fbAQLP

exports[`Room Page should render the form correctly 1`] = `
<div
  className="room-container"
>
  <div
    className="wrap"
  >
    <div>
      <th>
        Room Name
      </th>
    </div>
    <div>
      <th>
        Room Type
      </th>
    </div>
    <div>
      <th>
        Occupancy
      </th>
      <li>
        <span>
           pers. 
        </span>
        (Minimum: 
        )
      </li>
    </div>
    <div>
      <div />
    </div>
    <div>
      <th
        className="room-sold-out"
      >
        Sold Out
      </th>
    </div>
    <div />
  </div>
  <div
    className="list-header"
  >
    <th>
      Facilities
    </th>
  </div>
  <div
    className="room-desc"
  />
  <div
    className="clearfix"
  >
    <button
      className="button button--reserve button--div"
    >
      I'll Reserve
    </button>
  </div>
</div>
`;
