// Jest Snapshot v1, https://goo.gl/fbAQLP

exports[`Rooms Page should render correctly 1`] = `
<div
  className="content-container"
>
  <h2>
    Rooms
  </h2>
  <Room
    description="<i class=\\"fa fa-ticket fa-1\\" aria-hidden=\\"true\\"></i> Festival Ticket Included &nbsp; &nbsp; &nbsp;<i class=\\"fa fa-coffee fa-1\\" aria-hidden=\\"true\\"></i> Breakfast Included"
    id={129}
    key="129"
    min_occupancy={2}
    name="Austrian Twin/Double"
    number_of_core_nights={null}
    occupancy={2}
    per_night_prices={Array []}
    room_type_description="Austrian Twin/Double"
    sort_order={450}
    type_id={22}
    upsell=""
    website_url="http://www.almhof-mayrhofen.at"
  />
  <Room
    description="<i class=\\"fa fa-ticket fa-1\\" aria-hidden=\\"true\\"></i> Festival Ticket Included &nbsp; &nbsp; &nbsp;<i class=\\"fa fa-coffee fa-1\\" aria-hidden=\\"true\\"></i> Breakfast Included"
    id={130}
    key="130"
    min_occupancy={3}
    name="Triple"
    number_of_core_nights={null}
    occupancy={3}
    per_night_prices={Array []}
    room_type_description="Triple"
    sort_order={0}
    type_id={4}
    upsell=""
    website_url="http://www.almhof-mayrhofen.at"
  />
</div>
`;
