// Jest Snapshot v1, https://goo.gl/fbAQLP

exports[`Room Page should render the form correctly 1`] = `
<div
  className="room-container"
>
  <div
    className="details-container"
  >
    <div
      className="details-container__row"
    >
      <div
        className="details-container__col"
      >
        <th
          className="details-container__col__header"
        >
          Room Name
        </th>
      </div>
      <div
        className="details-container__col"
      >
        <th
          className="details-container__col__header"
        >
          Room Type
        </th>
      </div>
      <div
        className="details-container__col"
      >
        <th
          className="details-container__col__header"
        >
          Occupancy
        </th>
        <li>
          <span>
             pers. 
          </span>
          (Minimum: 
          )
        </li>
      </div>
      <div
        className="details-container__col"
      >
        <th
          className="room-sold-out"
        >
          Sold Out
        </th>
      </div>
      <div
        className="details-container__col"
      >
        <th
          className="room-sold-out"
        >
          You missed it our last room sold out
        </th>
      </div>
    </div>
  </div>
  <div
    className="list-header"
  >
    <th>
      Facilities
    </th>
    <li>
      Only Basic Facilities Avaliable
    </li>
  </div>
  <div
    className="room-desc"
  >
    *
  </div>
</div>
`;
